00:00:00.003557 main     VirtualBox COM Server 7.0.6 r155176 win.amd64 (Jan 11 2023 16:38:38) release log
00:00:00.003559 main     Log opened 2025-04-28T20:55:36.722782900Z
00:00:00.003560 main     Build Type: release
00:00:00.003563 main     OS Product: Windows 11
00:00:00.003564 main     OS Release: 10.0.22631
00:00:00.003564 main     OS Service Pack: 
00:00:00.064421 main     DMI Product Name: 82B1
00:00:00.074487 main     DMI Product Version: Lenovo Legion 5 15ARH05H
00:00:00.074499 main     Firmware type: UEFI
00:00:00.075292 main     Secure Boot: VERR_PRIVILEGE_NOT_HELD
00:00:00.076203 main     Host RAM: 8061MB (7.8GB) total, 3130MB (3.0GB) available
00:00:00.076208 main     Executable: C:\Program Files\Oracle\VirtualBox\VBoxSVC.exe
00:00:00.076209 main     Process ID: 27052
00:00:00.076209 main     Package type: WINDOWS_64BITS_GENERIC
00:00:00.146488          VirtualBox: object creation starts
00:00:00.147673          Home directory: 'C:\Users\User\.VirtualBox'
00:00:00.148076          Installed Drivers:
00:00:00.151206            C:\WINDOWS\system32\DRIVERS\VBoxNetLwf.sys (Version: 7.0.6.5176)
00:00:00.152465            C:\WINDOWS\system32\DRIVERS\VBoxUSBMon.sys (Version: 7.0.6.5176)
00:00:00.153133            C:\WINDOWS\system32\DRIVERS\VBoxSup.sys (Version: 7.0.6.5176)
00:00:00.153995            C:\WINDOWS\system32\DRIVERS\VBoxNetAdp6.sys (Version: 7.0.6.5176)
00:00:00.171470          Loading settings file "C:\Users\User\.VirtualBox\VirtualBox.xml" with version "1.12-windows"
00:00:00.179138          usbLibGetDevices: Starting USB device enumeration
00:00:00.211148          Getting USB descriptor (id 0) failed (dwErr=31) on hub USB#ROOT_HUB30#5&1e6180ae&0&0#{f18a0e88-c30c-11d0-8815-00a0c906bed8} port 3
00:00:00.221626          Getting USB descriptor (id 0) failed (dwErr=31) on hub USB#ROOT_HUB30#5&5c85904&0&0#{f18a0e88-c30c-11d0-8815-00a0c906bed8} port 3
00:00:00.221692          Getting USB descriptor (id 0) failed (dwErr=31) on hub USB#ROOT_HUB30#5&5c85904&0&0#{f18a0e88-c30c-11d0-8815-00a0c906bed8} port 4
00:00:00.223570          usbLibGetDevices: Found 4 USB devices, 0 captured
00:00:00.226673          USB: Unknown USB device detected (idVendor: 0x048d, idProduct: 0xc100)
00:00:00.227670          USB: Unknown USB device detected (idVendor: 0x0bda, idProduct: 0xc123)
00:00:00.227711          USB: Unknown USB device detected (idVendor: 0x174f, idProduct: 0x244c)
00:00:00.338221          HostDnsMonitor: initializing
00:00:00.346447          HostDnsMonitor: updating information
00:00:00.347255          HostDnsMonitor: old information
00:00:00.347256            no server entries
00:00:00.347257            no domain set
00:00:00.347257            no search string entries
00:00:00.347257          HostDnsMonitor: new information
00:00:00.347258            server 1: 192.168.178.1
00:00:00.347258            domain: fritz.box
00:00:00.347259            no search string entries
00:00:00.384781          VD: VDInit finished with VINF_SUCCESS
00:00:00.401950          Loading settings file "C:\Users\User\VirtualBox VMs\Sem\Sem.vbox" with version "1.19-windows"
00:00:00.419078          Loading settings file "C:\Users\User\VirtualBox VMs\Лабораторна робота - Керування користувачами та групами у Windows\Лабораторна робота - Керування користувачами та групами у Windows.vbox" with version "1.19-windows"
00:00:00.429521          Loading settings file "C:\Users\User\VirtualBox VMs\Лабораторна робота - Налаштування Локальної політики безпеки Windows\Лабораторна робота - Налаштування Локальної політики безпеки Windows.vbox" with version "1.19-windows"
00:00:00.439517          Loading settings file "C:\Users\User\VirtualBox VMs\Лаба\Лаба.vbox" with version "1.19-windows"
00:00:00.450081          Loading settings file "C:\Users\User\VirtualBox VMs\SemAdmin\SemAdmin.vbox" with version "1.19-windows"
00:00:00.451967          VirtualBox: object created
00:00:00.528897          Saving settings file "C:\Users\User\.VirtualBox\VirtualBox.xml" with version "1.12-windows"
00:00:00.531777          Finished saving settings file "C:\Users\User\.VirtualBox\VirtualBox.xml"
00:00:00.532003          Saving settings file "C:\Users\User\.VirtualBox\VirtualBox.xml" with version "1.12-windows"
00:00:00.534024          Finished saving settings file "C:\Users\User\.VirtualBox\VirtualBox.xml"
00:00:00.534345          Saving settings file "C:\Users\User\.VirtualBox\VirtualBox.xml" with version "1.12-windows"
00:00:00.537016          Finished saving settings file "C:\Users\User\.VirtualBox\VirtualBox.xml"
00:00:02.011312          ERROR [COM]: aRC=VBOX_E_INVALID_VM_STATE (0x80bb0002) aIID={300763af-5d6b-46e6-aa96-273eac15538a} aComponent={MachineWrap} aText={The machine is not mutable (state is PoweredOff)}, preserve=false aResultDetail=0
00:00:04.245352          Saving settings file "C:\Users\User\.VirtualBox\VirtualBox.xml" with version "1.12-windows"
00:00:04.247749          Finished saving settings file "C:\Users\User\.VirtualBox\VirtualBox.xml"
00:00:05.429454          Saving settings file "C:\Users\User\.VirtualBox\VirtualBox.xml" with version "1.12-windows"
00:00:05.432241          Finished saving settings file "C:\Users\User\.VirtualBox\VirtualBox.xml"
00:00:05.438737          ERROR [COM]: aRC=VBOX_E_INVALID_VM_STATE (0x80bb0002) aIID={300763af-5d6b-46e6-aa96-273eac15538a} aComponent={MachineWrap} aText={The machine is not mutable (state is PoweredOff)}, preserve=false aResultDetail=0
00:00:12.684263          Launched VM: 2423286160 pid: 17848 (0x45b8) frontend: GUI/Qt name: Sem
00:00:12.702050          ERROR [COM]: aRC=VBOX_E_INVALID_VM_STATE (0x80bb0002) aIID={300763af-5d6b-46e6-aa96-273eac15538a} aComponent={MachineWrap} aText={The machine is not mutable (state is PoweredOff)}, preserve=false aResultDetail=0
00:00:17.070800          ERROR [COM]: aRC=VBOX_E_INVALID_VM_STATE (0x80bb0002) aIID={300763af-5d6b-46e6-aa96-273eac15538a} aComponent={MachineWrap} aText={The machine is not mutable (state is PoweredOff)}, preserve=false aResultDetail=0
00:00:17.489857          ERROR [COM]: aRC=VBOX_E_OBJECT_NOT_FOUND (0x80bb0001) aIID={70401eef-c8e9-466b-9660-45cb3e9979e4} aComponent={ExtPackManagerWrap} aText={No extension pack by the name 'Oracle VM VirtualBox Extension Pack' was found}, preserve=false aResultDetail=0
00:00:18.468865          ERROR [COM]: aRC=VBOX_E_IPRT_ERROR (0x80bb0005) aIID={300763af-5d6b-46e6-aa96-273eac15538a} aComponent={SessionMachine} aText={Saved screenshot data is not available (VERR_NOT_SUPPORTED)}, preserve=false aResultDetail=-37
00:00:18.845289          ERROR [COM]: aRC=VBOX_E_INVALID_VM_STATE (0x80bb0002) aIID={300763af-5d6b-46e6-aa96-273eac15538a} aComponent={MachineWrap} aText={The machine is not mutable (state is Starting)}, preserve=false aResultDetail=0
00:00:18.918463          ERROR [COM]: aRC=VBOX_E_INVALID_VM_STATE (0x80bb0002) aIID={300763af-5d6b-46e6-aa96-273eac15538a} aComponent={SessionMachine} aText={The machine is not mutable or saved (state is Starting)}, preserve=false aResultDetail=0
00:00:19.881852          ERROR [COM]: aRC=VBOX_E_OBJECT_NOT_FOUND (0x80bb0001) aIID={ad47ad09-787b-44ab-b343-a082a3f2dfb1} aComponent={MediumWrap} aText={Property 'CRYPT/KeyId' does not exist}, preserve=false aResultDetail=0
00:00:19.882264          ERROR [COM]: aRC=VBOX_E_OBJECT_NOT_FOUND (0x80bb0001) aIID={ad47ad09-787b-44ab-b343-a082a3f2dfb1} aComponent={MediumWrap} aText={Property 'CRYPT/KeyId' does not exist}, preserve=false aResultDetail=0
00:00:19.914780          ERROR [COM]: aRC=VBOX_E_INVALID_VM_STATE (0x80bb0002) aIID={300763af-5d6b-46e6-aa96-273eac15538a} aComponent={MachineWrap} aText={The machine is not mutable (state is Running)}, preserve=false aResultDetail=0
00:04:43.650038          ERROR [COM]: aRC=VBOX_E_INVALID_VM_STATE (0x80bb0002) aIID={300763af-5d6b-46e6-aa96-273eac15538a} aComponent={MachineWrap} aText={The machine is not mutable (state is Paused)}, preserve=false aResultDetail=0
00:04:44.890674          ERROR [COM]: aRC=VBOX_E_INVALID_VM_STATE (0x80bb0002) aIID={300763af-5d6b-46e6-aa96-273eac15538a} aComponent={MachineWrap} aText={The machine is not mutable (state is Stopping)}, preserve=false aResultDetail=0
00:04:45.037366          Saving settings file "C:\Users\User\VirtualBox VMs\Sem\Sem.vbox" with version "1.19-windows"
00:04:45.045086          Finished saving settings file "C:\Users\User\VirtualBox VMs\Sem\Sem.vbox"
00:04:45.055987          ERROR [COM]: aRC=VBOX_E_INVALID_VM_STATE (0x80bb0002) aIID={300763af-5d6b-46e6-aa96-273eac15538a} aComponent={MachineWrap} aText={The machine is not mutable (state is PoweredOff)}, preserve=false aResultDetail=0
00:04:46.567273          ERROR [COM]: aRC=VBOX_E_INVALID_VM_STATE (0x80bb0002) aIID={300763af-5d6b-46e6-aa96-273eac15538a} aComponent={MachineWrap} aText={The machine is not mutable (state is PoweredOff)}, preserve=false aResultDetail=0
00:04:54.608123 main     WM_QUERYENDSESSION: shutdown (0x00000000)
00:04:54.608210 main     No active connections: bActivity = false, lock count = 1
00:04:54.688288 main     WM_ENDSESSION: shutdown (TRUE/0x00000000)
